[bellezza.bcitwebdeveloper.ca/index.html]
[bellezza.bcitwebdeveloper.ca/apple-touch-icon-57x57.png]
[bellezza.bcitwebdeveloper.ca/apple-touch-icon-114x114.png]
[bellezza.bcitwebdeveloper.ca/apple-touch-icon-72x72.png]
[bellezza.bcitwebdeveloper.ca/apple-touch-icon-144x144.png]
[bellezza.bcitwebdeveloper.ca/apple-touch-icon-60x60.png]
[bellezza.bcitwebdeveloper.ca/apple-touch-icon-120x120.png]
[bellezza.bcitwebdeveloper.ca/apple-touch-icon-76x76.png]
[bellezza.bcitwebdeveloper.ca/apple-touch-icon-152x152.png]
[bellezza.bcitwebdeveloper.ca/favicon-196x196.png]
[bellezza.bcitwebdeveloper.ca/favicon-96x96.png]
[bellezza.bcitwebdeveloper.ca/favicon-32x32.png]
[bellezza.bcitwebdeveloper.ca/favicon-16x16.png]
[bellezza.bcitwebdeveloper.ca/favicon-128.png]
[backblue.gif]
[fade.gif]
[index.html]
[c0.wp.com/c/5.7/wp-includes/css/dist/block-library/style.min.css]
[bellezza.bcitwebdeveloper.ca/wp-content/plugins/contact-form-7/includes/css/styles.css]
[bellezza.bcitwebdeveloper.ca/wp-content/plugins/simple-social-buttons/assets/css/front.css]
[bellezza.bcitwebdeveloper.ca/feed/index.html]
[bellezza.bcitwebdeveloper.ca/wp-content/plugins/wp-opening-hours/dist/styles/main.css]
[bellezza.bcitwebdeveloper.ca/wp-content/themes/bellezza/style.css]
[bellezza.bcitwebdeveloper.ca/comments/feed/index.html]
[bellezza.bcitwebdeveloper.ca/wp-content/themes/bellezza/css/lightbox.min.css]
[bellezza.bcitwebdeveloper.ca/wp-content/themes/bellezza/css/slider.css]
[bellezza.bcitwebdeveloper.ca/wp-content/themes/bellezza/css/accordion.css]
[bellezza.bcitwebdeveloper.ca/wp-content/themes/bellezza/css/testimonial-slider.css]
[c0.wp.com/p/jetpack/9.5/css/jetpack.css]
[c0.wp.com/c/5.7/wp-includes/js/jquery/jquery.min.js]
[c0.wp.com/c/5.7/wp-includes/js/jquery/jquery-migrate.min.js]
[bellezza.bcitwebdeveloper.ca/wp-content/cache/wpo-minify/1592958889/assets/wpo-minify-header-470d0749.min.js]
[bellezza.bcitwebdeveloper.ca/wp-json/index.html]
[bellezza.bcitwebdeveloper.ca/wp-json/wp/v2/pages/14.json]
[bellezza.bcitwebdeveloper.ca/xmlrpc0db0.php]
[bellezza.bcitwebdeveloper.ca/wp-includes/wlwmanifest.xml]
[bellezza.bcitwebdeveloper.ca/wp-json/oembed/1.0/embedaeee.json]
[bellezza.bcitwebdeveloper.ca/wp-json/oembed/1.0/embed7319]
[bellezza.bcitwebdeveloper.ca/wp-content/uploads/2020/06/bellezza1-scaled.jpg]
[bellezza.bcitwebdeveloper.ca/wp-content/uploads/2020/06/salon-tools-1.jpg]
[bellezza.bcitwebdeveloper.ca/about/index.html]
[bellezza.bcitwebdeveloper.ca/wp-content/uploads/2020/06/saloon-chair-1.jpg]
[bellezza.bcitwebdeveloper.ca/wp-content/uploads/2020/06/salon-front-1.jpg]
[bellezza.bcitwebdeveloper.ca/bellezza-gazette/index.html]
[bellezza.bcitwebdeveloper.ca/services/index.html]
[bellezza.bcitwebdeveloper.ca/wp-content/uploads/2020/06/man-getting-hair-cut.jpg]
[bellezza.bcitwebdeveloper.ca/wp-content/uploads/2020/06/tools-on-desk.jpg]
[bellezza.bcitwebdeveloper.ca/faq/index.html]
[bellezza.bcitwebdeveloper.ca/contact/index.html]
[bellezza.bcitwebdeveloper.ca/wp-content/uploads/2020/06/woman-think.jpg]
[c0.wp.com/c/5.7/wp-includes/js/dist/vendor/wp-polyfill.min.js]
[bellezza.bcitwebdeveloper.ca/wp-includes/js/dist/vendor/wp-polyfill-fetch.min6e0e.js]
[bellezza.bcitwebdeveloper.ca/wp-includes/js/dist/vendor/wp-polyfill-node-contains.min2e00.js]
[bellezza.bcitwebdeveloper.ca/wp-includes/js/dist/vendor/wp-polyfill-dom-rect.min2e00.js]
[bellezza.bcitwebdeveloper.ca/wp-includes/js/dist/vendor/wp-polyfill-url.min5aed.js]
[bellezza.bcitwebdeveloper.ca/wp-includes/js/dist/vendor/wp-polyfill-formdata.mine9bd.js]
[bellezza.bcitwebdeveloper.ca/wp-includes/js/dist/vendor/wp-polyfill-element-closest.min4c56.js]
[bellezza.bcitwebdeveloper.ca/wp-includes/js/dist/vendor/wp-polyfill-object-fit.min531b.js]
[c0.wp.com/c/5.7/wp-includes/js/dist/hooks.min.js]
[c0.wp.com/c/5.7/wp-includes/js/dist/i18n.min.js]
[c0.wp.com/c/5.7/wp-includes/js/dist/vendor/lodash.min.js]
[c0.wp.com/c/5.7/wp-includes/js/dist/url.min.js]
[c0.wp.com/c/5.7/wp-includes/js/dist/api-fetch.min.js]
[bellezza.bcitwebdeveloper.ca/wp-content/cache/wpo-minify/1592958889/assets/wpo-minify-footer-d9ef36f7.min.js]
[bellezza.bcitwebdeveloper.ca/wp-content/cache/wpo-minify/1592958889/assets/wpo-minify-footer-2e9005ca.min.js]
[c0.wp.com/c/5.7/wp-includes/js/wp-embed.min.js]
[bellezza.bcitwebdeveloper.ca/index.html]
[c0.wp.com/c/5.7/wp-includes/css/dist/block-library/style.min.css]
[bellezza.bcitwebdeveloper.ca/wp-content/plugins/contact-form-7/includes/css/styles.css]
[stats.wp.com/e-202112.js]
[bellezza.bcitwebdeveloper.ca/wp-content/plugins/simple-social-buttons/assets/fonts/ssb-icon1b49.eot]
[bellezza.bcitwebdeveloper.ca/wp-content/plugins/simple-social-buttons/assets/fonts/ssb-icon1b49.ttf]
[bellezza.bcitwebdeveloper.ca/wp-content/plugins/simple-social-buttons/assets/fonts/ssb-icon1b49.woff]
[bellezza.bcitwebdeveloper.ca/wp-content/plugins/simple-social-buttons/assets/css/front.css]
[bellezza.bcitwebdeveloper.ca/wp-content/plugins/wp-opening-hours/dist/styles/main.css]
[bellezza.bcitwebdeveloper.ca/wp-content/themes/bellezza/style.css]
[bellezza.bcitwebdeveloper.ca/wp-content/plugins/simple-social-buttons/assets/fonts/ssb-icon1b49.svg]
[bellezza.bcitwebdeveloper.ca/wp-content/themes/bellezza/images/loading.gif]
[bellezza.bcitwebdeveloper.ca/wp-content/themes/bellezza/images/prev.png]
[bellezza.bcitwebdeveloper.ca/wp-content/themes/bellezza/images/next.png]
[bellezza.bcitwebdeveloper.ca/wp-content/themes/bellezza/images/close.png]
[bellezza.bcitwebdeveloper.ca/wp-content/themes/bellezza/css/lightbox.min.css]
[bellezza.bcitwebdeveloper.ca/wp-content/themes/bellezza/css/slider.css]
[bellezza.bcitwebdeveloper.ca/wp-content/themes/bellezza/css/accordion.css]
[bellezza.bcitwebdeveloper.ca/wp-content/themes/bellezza/css/testimonial-slider.css]
[c0.wp.com/p/jetpack/9.5/modules/carousel/images/arrows.png]
[c0.wp.com/p/jetpack/9.5/modules/carousel/images/arrows-2x.png]
[c0.wp.com/p/jetpack/9.5/modules/carousel/images/carousel-spritee4da.png]
[c0.wp.com/p/jetpack/9.5/modules/carousel/images/carousel-sprite-2xe4da.png]
[c0.wp.com/p/jetpack/9.5/modules/shortcodes/img/slideshow-controls.png]
[c0.wp.com/p/jetpack/9.5/modules/shortcodes/img/slideshow-controls-2x.png]
[c0.wp.com/p/jetpack/9.5/modules/shortcodes/images/slide-nav.png]
[c0.wp.com/p/jetpack/9.5/modules/shortcodes/images/expand.png]
[c0.wp.com/p/jetpack/9.5/modules/shortcodes/images/collapse.png]
[secure.gravatar.com/images/grav-share-sprite.png]
[c0.wp.com/p/jetpack/9.5/css/jetpack.css]
[bellezza.bcitwebdeveloper.ca/about/apple-touch-icon-57x57.png]
[bellezza.bcitwebdeveloper.ca/about/apple-touch-icon-114x114.png]
[bellezza.bcitwebdeveloper.ca/about/apple-touch-icon-72x72.png]
[bellezza.bcitwebdeveloper.ca/about/apple-touch-icon-144x144.png]
[bellezza.bcitwebdeveloper.ca/about/apple-touch-icon-60x60.png]
[bellezza.bcitwebdeveloper.ca/about/apple-touch-icon-120x120.png]
[bellezza.bcitwebdeveloper.ca/about/apple-touch-icon-76x76.png]
[bellezza.bcitwebdeveloper.ca/about/apple-touch-icon-152x152.png]
[bellezza.bcitwebdeveloper.ca/about/favicon-196x196.png]
[bellezza.bcitwebdeveloper.ca/about/favicon-96x96.png]
[bellezza.bcitwebdeveloper.ca/about/favicon-32x32.png]
[bellezza.bcitwebdeveloper.ca/about/favicon-16x16.png]
[bellezza.bcitwebdeveloper.ca/about/favicon-128.png]
[bellezza.bcitwebdeveloper.ca/wp-json/wp/v2/pages/16.json]
[bellezza.bcitwebdeveloper.ca/wp-json/oembed/1.0/embed3b77.json]
[bellezza.bcitwebdeveloper.ca/wp-json/oembed/1.0/embed6ad6]
[bellezza.bcitwebdeveloper.ca/wp-content/uploads/2020/06/needpix1.jpg]
[bellezza.bcitwebdeveloper.ca/wp-content/uploads/2020/06/pickpik1.jpg]
[bellezza.bcitwebdeveloper.ca/wp-content/uploads/2020/06/pickpik2.jpg]
[bellezza.bcitwebdeveloper.ca/wp-content/uploads/2020/06/pixabayimage2.jpg]
[bellezza.bcitwebdeveloper.ca/wp-content/uploads/2020/06/pixabayimage1.jpg]
[bellezza.bcitwebdeveloper.ca/wp-content/uploads/2020/06/pixabayimage4.jpg]
[bellezza.bcitwebdeveloper.ca/wp-content/uploads/2020/06/pixabayimage3.jpg]
[bellezza.bcitwebdeveloper.ca/wp-content/uploads/2020/06/pixabayredhair.jpg]
[bellezza.bcitwebdeveloper.ca/wp-content/uploads/2020/06/needpix1-200x380.jpg]
[bellezza.bcitwebdeveloper.ca/wp-content/uploads/2020/06/pickpik1-200x380.jpg]
[bellezza.bcitwebdeveloper.ca/wp-content/uploads/2020/06/pixabayimage2-200x380.jpg]
[bellezza.bcitwebdeveloper.ca/wp-content/uploads/2020/06/pickpik2-200x380.jpg]
[bellezza.bcitwebdeveloper.ca/about/index.html]
[bellezza.bcitwebdeveloper.ca/services/apple-touch-icon-57x57.png]
[bellezza.bcitwebdeveloper.ca/services/apple-touch-icon-114x114.png]
[bellezza.bcitwebdeveloper.ca/services/apple-touch-icon-72x72.png]
[bellezza.bcitwebdeveloper.ca/services/apple-touch-icon-144x144.png]
[bellezza.bcitwebdeveloper.ca/services/apple-touch-icon-60x60.png]
[bellezza.bcitwebdeveloper.ca/services/apple-touch-icon-120x120.png]
[bellezza.bcitwebdeveloper.ca/services/apple-touch-icon-76x76.png]
[bellezza.bcitwebdeveloper.ca/services/apple-touch-icon-152x152.png]
[bellezza.bcitwebdeveloper.ca/services/favicon-196x196.png]
[bellezza.bcitwebdeveloper.ca/services/favicon-96x96.png]
[bellezza.bcitwebdeveloper.ca/services/favicon-32x32.png]
[bellezza.bcitwebdeveloper.ca/services/favicon-16x16.png]
[bellezza.bcitwebdeveloper.ca/services/favicon-128.png]
[bellezza.bcitwebdeveloper.ca/wp-json/wp/v2/pages/19.json]
[bellezza.bcitwebdeveloper.ca/wp-json/oembed/1.0/embed7253.json]
[bellezza.bcitwebdeveloper.ca/wp-json/oembed/1.0/embeda4e9]
[bellezza.bcitwebdeveloper.ca/wp-content/uploads/2020/06/haircut-original.gif]
[bellezza.bcitwebdeveloper.ca/wp-content/uploads/2020/06/pikrepo.com_-1-e1591988032675.jpg]
[bellezza.bcitwebdeveloper.ca/wp-content/uploads/2020/06/slider4-e1591988046715.jpg]
[bellezza.bcitwebdeveloper.ca/wp-content/uploads/2020/06/slider3-e1591988123984.jpg]
[bellezza.bcitwebdeveloper.ca/wp-content/uploads/2020/06/slider5-e1591988006801.jpg]
[bellezza.bcitwebdeveloper.ca/wp-content/uploads/2020/06/slider2-e1591988135154.jpg]
[bellezza.bcitwebdeveloper.ca/wp-content/uploads/2020/06/slider1-e1591988147912.jpg]
[bellezza.bcitwebdeveloper.ca/wp-content/uploads/2020/06/pexelphoto1-1.jpg]
[bellezza.bcitwebdeveloper.ca/services/index.html]
[bellezza.bcitwebdeveloper.ca/bellezza-gazette/apple-touch-icon-57x57.png]
[bellezza.bcitwebdeveloper.ca/bellezza-gazette/apple-touch-icon-114x114.png]
[bellezza.bcitwebdeveloper.ca/bellezza-gazette/apple-touch-icon-72x72.png]
[bellezza.bcitwebdeveloper.ca/bellezza-gazette/apple-touch-icon-144x144.png]
[bellezza.bcitwebdeveloper.ca/bellezza-gazette/apple-touch-icon-60x60.png]
[bellezza.bcitwebdeveloper.ca/bellezza-gazette/apple-touch-icon-120x120.png]
[bellezza.bcitwebdeveloper.ca/bellezza-gazette/apple-touch-icon-76x76.png]
[bellezza.bcitwebdeveloper.ca/bellezza-gazette/apple-touch-icon-152x152.png]
[bellezza.bcitwebdeveloper.ca/bellezza-gazette/favicon-196x196.png]
[bellezza.bcitwebdeveloper.ca/bellezza-gazette/favicon-96x96.png]
[bellezza.bcitwebdeveloper.ca/bellezza-gazette/favicon-32x32.png]
[bellezza.bcitwebdeveloper.ca/bellezza-gazette/favicon-16x16.png]
[bellezza.bcitwebdeveloper.ca/bellezza-gazette/favicon-128.png]
[bellezza.bcitwebdeveloper.ca/wp-content/uploads/2020/06/pixabayredhair-200x380.jpg]
[bellezza.bcitwebdeveloper.ca/wp-content/uploads/2020/06/pixabayimage4-200x380.jpg]
[bellezza.bcitwebdeveloper.ca/wp-content/uploads/2020/06/salon-tools-1-200x380.jpg]
[bellezza.bcitwebdeveloper.ca/star-wars/index.html]
[bellezza.bcitwebdeveloper.ca/wp-content/uploads/2020/06/saloon-chair-200x380.jpg]
[bellezza.bcitwebdeveloper.ca/bellezza-gazette/index.html]
[bellezza.bcitwebdeveloper.ca/category/color/index.html]
[bellezza.bcitwebdeveloper.ca/shrek-movie-script/index.html]
[bellezza.bcitwebdeveloper.ca/faq/apple-touch-icon-57x57.8f.delayed]
[bellezza.bcitwebdeveloper.ca/category/style/index.html]
[bellezza.bcitwebdeveloper.ca/blog-iii/index.html]
[bellezza.bcitwebdeveloper.ca/blog-post-1/index.html]
[bellezza.bcitwebdeveloper.ca/faq/apple-touch-icon-114x114.png]
[bellezza.bcitwebdeveloper.ca/2020/06/index.html]
[bellezza.bcitwebdeveloper.ca/2020/05/index.html]
[bellezza.bcitwebdeveloper.ca/faq/apple-touch-icon-72x72.png]
[bellezza.bcitwebdeveloper.ca/faq/apple-touch-icon-144x144.png]
[bellezza.bcitwebdeveloper.ca/faq/apple-touch-icon-60x60.png]
[bellezza.bcitwebdeveloper.ca/faq/apple-touch-icon-120x120.png]
[bellezza.bcitwebdeveloper.ca/faq/apple-touch-icon-76x76.png]
[bellezza.bcitwebdeveloper.ca/faq/apple-touch-icon-152x152.png]
[bellezza.bcitwebdeveloper.ca/faq/favicon-196x196.png]
[bellezza.bcitwebdeveloper.ca/faq/favicon-96x96.png]
[bellezza.bcitwebdeveloper.ca/faq/favicon-32x32.png]
[bellezza.bcitwebdeveloper.ca/faq/favicon-16x16.png]
[bellezza.bcitwebdeveloper.ca/faq/favicon-128.png]
[bellezza.bcitwebdeveloper.ca/wp-json/wp/v2/pages/18.json]
[bellezza.bcitwebdeveloper.ca/wp-json/oembed/1.0/embedbb72.json]
[bellezza.bcitwebdeveloper.ca/faq/index.html]
[bellezza.bcitwebdeveloper.ca/wp-json/oembed/1.0/embedeca2]
[bellezza.bcitwebdeveloper.ca/contact/apple-touch-icon-57x57.png]
[bellezza.bcitwebdeveloper.ca/contact/apple-touch-icon-114x114.png]
[bellezza.bcitwebdeveloper.ca/contact/apple-touch-icon-72x72.png]
[bellezza.bcitwebdeveloper.ca/contact/apple-touch-icon-144x144.png]
[bellezza.bcitwebdeveloper.ca/contact/apple-touch-icon-60x60.png]
[bellezza.bcitwebdeveloper.ca/contact/apple-touch-icon-120x120.png]
[bellezza.bcitwebdeveloper.ca/contact/apple-touch-icon-76x76.png]
[bellezza.bcitwebdeveloper.ca/contact/apple-touch-icon-152x152.png]
[bellezza.bcitwebdeveloper.ca/contact/favicon-196x196.png]
[bellezza.bcitwebdeveloper.ca/contact/favicon-96x96.png]
[bellezza.bcitwebdeveloper.ca/contact/favicon-32x32.png]
[bellezza.bcitwebdeveloper.ca/contact/favicon-16x16.png]
[bellezza.bcitwebdeveloper.ca/contact/favicon-128.png]
[bellezza.bcitwebdeveloper.ca/wp-json/wp/v2/pages/21.json]
[bellezza.bcitwebdeveloper.ca/wp-json/oembed/1.0/embede5e9.json]
[bellezza.bcitwebdeveloper.ca/contact/index.html]
[bellezza.bcitwebdeveloper.ca/wp-content/plugins/simple-social-buttons/assets/fonts/ssb-icon1b49.svg]
[bellezza.bcitwebdeveloper.ca/wp-content/themes/bellezza/images/loading.html]
[bellezza.bcitwebdeveloper.ca/wp-content/themes/bellezza/images/prev.html]
[bellezza.bcitwebdeveloper.ca/wp-content/themes/bellezza/images/next.html]
[bellezza.bcitwebdeveloper.ca/wp-content/themes/bellezza/images/close.html]
[bellezza.bcitwebdeveloper.ca/about/apple-touch-icon-57x57.html]
[bellezza.bcitwebdeveloper.ca/about/apple-touch-icon-114x114.html]
[bellezza.bcitwebdeveloper.ca/about/apple-touch-icon-72x72.html]
[bellezza.bcitwebdeveloper.ca/about/apple-touch-icon-144x144.html]
[bellezza.bcitwebdeveloper.ca/about/apple-touch-icon-60x60.html]
[bellezza.bcitwebdeveloper.ca/about/apple-touch-icon-120x120.html]
[bellezza.bcitwebdeveloper.ca/about/apple-touch-icon-76x76.html]
[bellezza.bcitwebdeveloper.ca/about/apple-touch-icon-152x152.html]
[bellezza.bcitwebdeveloper.ca/about/favicon-196x196.html]
[bellezza.bcitwebdeveloper.ca/about/favicon-96x96.html]
[bellezza.bcitwebdeveloper.ca/about/favicon-32x32.html]
[bellezza.bcitwebdeveloper.ca/about/favicon-16x16.html]
[bellezza.bcitwebdeveloper.ca/about/favicon-128.html]
[bellezza.bcitwebdeveloper.ca/index0e62.html]
[bellezza.bcitwebdeveloper.ca/services/apple-touch-icon-57x57.html]
[bellezza.bcitwebdeveloper.ca/services/apple-touch-icon-114x114.html]
[bellezza.bcitwebdeveloper.ca/services/apple-touch-icon-72x72.html]
[bellezza.bcitwebdeveloper.ca/services/apple-touch-icon-144x144.html]
[bellezza.bcitwebdeveloper.ca/services/apple-touch-icon-60x60.html]
[bellezza.bcitwebdeveloper.ca/services/apple-touch-icon-120x120.html]
[bellezza.bcitwebdeveloper.ca/services/apple-touch-icon-76x76.html]
[bellezza.bcitwebdeveloper.ca/services/apple-touch-icon-152x152.html]
[bellezza.bcitwebdeveloper.ca/services/favicon-196x196.html]
[bellezza.bcitwebdeveloper.ca/services/favicon-96x96.html]
[bellezza.bcitwebdeveloper.ca/services/favicon-32x32.html]
[bellezza.bcitwebdeveloper.ca/services/favicon-16x16.html]
[bellezza.bcitwebdeveloper.ca/services/favicon-128.html]
[bellezza.bcitwebdeveloper.ca/index5831.html]
[bellezza.bcitwebdeveloper.ca/wp-admin/admin-ajax.html]
[bellezza.bcitwebdeveloper.ca/bellezza-gazette/apple-touch-icon-57x57.html]
[bellezza.bcitwebdeveloper.ca/bellezza-gazette/apple-touch-icon-114x114.html]
[bellezza.bcitwebdeveloper.ca/bellezza-gazette/apple-touch-icon-72x72.html]
[bellezza.bcitwebdeveloper.ca/bellezza-gazette/apple-touch-icon-144x144.html]
[bellezza.bcitwebdeveloper.ca/bellezza-gazette/apple-touch-icon-60x60.html]
[bellezza.bcitwebdeveloper.ca/bellezza-gazette/apple-touch-icon-120x120.html]
[bellezza.bcitwebdeveloper.ca/bellezza-gazette/apple-touch-icon-76x76.html]
[bellezza.bcitwebdeveloper.ca/bellezza-gazette/apple-touch-icon-152x152.html]
[bellezza.bcitwebdeveloper.ca/bellezza-gazette/favicon-196x196.html]
[bellezza.bcitwebdeveloper.ca/bellezza-gazette/favicon-96x96.html]
[bellezza.bcitwebdeveloper.ca/bellezza-gazette/favicon-32x32.html]
[bellezza.bcitwebdeveloper.ca/bellezza-gazette/favicon-16x16.html]
[bellezza.bcitwebdeveloper.ca/bellezza-gazette/favicon-128.html]
[bellezza.bcitwebdeveloper.ca/wp-json/oembed/1.0/embeda815]
[bellezza.bcitwebdeveloper.ca/star-wars/apple-touch-icon-57x57.png]
[bellezza.bcitwebdeveloper.ca/star-wars/apple-touch-icon-114x114.png]
[bellezza.bcitwebdeveloper.ca/star-wars/apple-touch-icon-72x72.png]
[bellezza.bcitwebdeveloper.ca/star-wars/apple-touch-icon-144x144.png]
[bellezza.bcitwebdeveloper.ca/star-wars/apple-touch-icon-60x60.png]
[bellezza.bcitwebdeveloper.ca/star-wars/apple-touch-icon-120x120.png]
[bellezza.bcitwebdeveloper.ca/star-wars/apple-touch-icon-76x76.png]
[bellezza.bcitwebdeveloper.ca/star-wars/apple-touch-icon-152x152.png]
[bellezza.bcitwebdeveloper.ca/star-wars/favicon-196x196.png]
[bellezza.bcitwebdeveloper.ca/star-wars/favicon-96x96.png]
[bellezza.bcitwebdeveloper.ca/star-wars/favicon-32x32.png]
[bellezza.bcitwebdeveloper.ca/star-wars/favicon-16x16.png]
[bellezza.bcitwebdeveloper.ca/star-wars/favicon-128.png]
[bellezza.bcitwebdeveloper.ca/wp-json/wp/v2/posts/412.json]
[bellezza.bcitwebdeveloper.ca/wp-json/oembed/1.0/embed4517.json]
[bellezza.bcitwebdeveloper.ca/wp-json/oembed/1.0/embedde84]
[bellezza.bcitwebdeveloper.ca/wp-content/uploads/2020/06/pixabayredhair-1024x977.jpg]
[bellezza.bcitwebdeveloper.ca/star-wars/index.html]
[bellezza.bcitwebdeveloper.ca/author/hans/index.html]
[bellezza.bcitwebdeveloper.ca/category/color/apple-touch-icon-57x57.png]
[bellezza.bcitwebdeveloper.ca/category/color/apple-touch-icon-114x114.png]
[bellezza.bcitwebdeveloper.ca/category/color/apple-touch-icon-72x72.png]
[bellezza.bcitwebdeveloper.ca/category/color/apple-touch-icon-144x144.png]
[bellezza.bcitwebdeveloper.ca/category/color/apple-touch-icon-60x60.png]
[bellezza.bcitwebdeveloper.ca/category/color/apple-touch-icon-120x120.png]
[bellezza.bcitwebdeveloper.ca/category/color/apple-touch-icon-76x76.png]
[bellezza.bcitwebdeveloper.ca/category/color/apple-touch-icon-152x152.png]
[bellezza.bcitwebdeveloper.ca/category/color/favicon-196x196.png]
[bellezza.bcitwebdeveloper.ca/category/color/favicon-96x96.png]
[bellezza.bcitwebdeveloper.ca/category/color/favicon-32x32.png]
[bellezza.bcitwebdeveloper.ca/category/color/favicon-16x16.png]
[bellezza.bcitwebdeveloper.ca/category/color/favicon-128.png]
[bellezza.bcitwebdeveloper.ca/category/color/mstile-144x144.png]
[bellezza.bcitwebdeveloper.ca/category/color/mstile-70x70.png]
[bellezza.bcitwebdeveloper.ca/category/color/mstile-150x150.png]
[bellezza.bcitwebdeveloper.ca/category/color/mstile-310x150.png]
[bellezza.bcitwebdeveloper.ca/category/color/mstile-310x310.png]
[bellezza.bcitwebdeveloper.ca/category/color/index.html]
[bellezza.bcitwebdeveloper.ca/wp-json/wp/v2/categories/5.json]
[bellezza.bcitwebdeveloper.ca/category/color/feed/index.html]
[bellezza.bcitwebdeveloper.ca/shrek-movie-script/apple-touch-icon-57x57.d3.delayed]
[bellezza.bcitwebdeveloper.ca/shrek-movie-script/apple-touch-icon-114x114.png]
[bellezza.bcitwebdeveloper.ca/shrek-movie-script/apple-touch-icon-72x72.png]
[bellezza.bcitwebdeveloper.ca/shrek-movie-script/apple-touch-icon-144x144.png]
[bellezza.bcitwebdeveloper.ca/shrek-movie-script/apple-touch-icon-60x60.png]
[bellezza.bcitwebdeveloper.ca/shrek-movie-script/apple-touch-icon-120x120.png]
[bellezza.bcitwebdeveloper.ca/shrek-movie-script/apple-touch-icon-76x76.png]
[bellezza.bcitwebdeveloper.ca/shrek-movie-script/apple-touch-icon-152x152.png]
[bellezza.bcitwebdeveloper.ca/shrek-movie-script/favicon-196x196.png]
[bellezza.bcitwebdeveloper.ca/shrek-movie-script/favicon-96x96.png]
[bellezza.bcitwebdeveloper.ca/shrek-movie-script/favicon-32x32.png]
[bellezza.bcitwebdeveloper.ca/shrek-movie-script/favicon-16x16.png]
[bellezza.bcitwebdeveloper.ca/shrek-movie-script/favicon-128.png]
[bellezza.bcitwebdeveloper.ca/wp-json/wp/v2/posts/75.json]
[bellezza.bcitwebdeveloper.ca/wp-json/oembed/1.0/embeda447.json]
[bellezza.bcitwebdeveloper.ca/wp-json/oembed/1.0/embedc7e8]
[bellezza.bcitwebdeveloper.ca/wp-content/uploads/2020/06/pixabayimage4-1024x977.jpg]
[bellezza.bcitwebdeveloper.ca/shrek-movie-script/index.html]
[bellezza.bcitwebdeveloper.ca/category/style/apple-touch-icon-57x57.png]
[bellezza.bcitwebdeveloper.ca/category/style/apple-touch-icon-114x114.png]
[bellezza.bcitwebdeveloper.ca/category/style/apple-touch-icon-72x72.png]
[bellezza.bcitwebdeveloper.ca/category/style/apple-touch-icon-144x144.png]
[bellezza.bcitwebdeveloper.ca/category/style/apple-touch-icon-60x60.png]
[bellezza.bcitwebdeveloper.ca/category/style/apple-touch-icon-120x120.png]
[bellezza.bcitwebdeveloper.ca/category/style/apple-touch-icon-76x76.png]
[bellezza.bcitwebdeveloper.ca/category/style/apple-touch-icon-152x152.png]
[bellezza.bcitwebdeveloper.ca/category/style/favicon-196x196.png]
[bellezza.bcitwebdeveloper.ca/category/style/favicon-96x96.png]
[bellezza.bcitwebdeveloper.ca/category/style/favicon-32x32.png]
[bellezza.bcitwebdeveloper.ca/category/style/favicon-16x16.png]
[bellezza.bcitwebdeveloper.ca/category/style/favicon-128.png]
[bellezza.bcitwebdeveloper.ca/category/style/mstile-144x144.png]
[bellezza.bcitwebdeveloper.ca/category/style/mstile-70x70.png]
[bellezza.bcitwebdeveloper.ca/category/style/mstile-150x150.png]
[bellezza.bcitwebdeveloper.ca/category/style/mstile-310x150.png]
[bellezza.bcitwebdeveloper.ca/category/style/mstile-310x310.png]
[bellezza.bcitwebdeveloper.ca/category/style/index.html]
[bellezza.bcitwebdeveloper.ca/wp-json/wp/v2/categories/6.json]
[bellezza.bcitwebdeveloper.ca/category/style/feed/index.html]
[bellezza.bcitwebdeveloper.ca/blog-iii/apple-touch-icon-57x57.f7.delayed]
[bellezza.bcitwebdeveloper.ca/blog-iii/apple-touch-icon-114x114.png]
[bellezza.bcitwebdeveloper.ca/blog-iii/apple-touch-icon-72x72.png]
[bellezza.bcitwebdeveloper.ca/blog-iii/apple-touch-icon-144x144.png]
[bellezza.bcitwebdeveloper.ca/blog-iii/apple-touch-icon-60x60.png]
[bellezza.bcitwebdeveloper.ca/blog-iii/apple-touch-icon-120x120.png]
[bellezza.bcitwebdeveloper.ca/blog-iii/apple-touch-icon-76x76.png]
[bellezza.bcitwebdeveloper.ca/blog-iii/apple-touch-icon-152x152.png]
[bellezza.bcitwebdeveloper.ca/blog-iii/favicon-196x196.png]
[bellezza.bcitwebdeveloper.ca/blog-iii/favicon-96x96.png]
[bellezza.bcitwebdeveloper.ca/blog-iii/favicon-32x32.png]
[bellezza.bcitwebdeveloper.ca/blog-iii/favicon-16x16.png]
[bellezza.bcitwebdeveloper.ca/blog-iii/favicon-128.png]
[bellezza.bcitwebdeveloper.ca/wp-json/wp/v2/posts/39.json]
[bellezza.bcitwebdeveloper.ca/wp-json/oembed/1.0/embedfb08.json]
[bellezza.bcitwebdeveloper.ca/blog-iii/index.html]
[bellezza.bcitwebdeveloper.ca/wp-json/oembed/1.0/embedc77c]
[bellezza.bcitwebdeveloper.ca/blog-post-1/apple-touch-icon-57x57.png]
[bellezza.bcitwebdeveloper.ca/blog-post-1/apple-touch-icon-114x114.png]
[bellezza.bcitwebdeveloper.ca/blog-post-1/apple-touch-icon-72x72.png]
[bellezza.bcitwebdeveloper.ca/blog-post-1/apple-touch-icon-144x144.png]
[bellezza.bcitwebdeveloper.ca/blog-post-1/apple-touch-icon-60x60.png]
[bellezza.bcitwebdeveloper.ca/blog-post-1/apple-touch-icon-120x120.png]
[bellezza.bcitwebdeveloper.ca/blog-post-1/apple-touch-icon-76x76.png]
[bellezza.bcitwebdeveloper.ca/blog-post-1/apple-touch-icon-152x152.png]
[bellezza.bcitwebdeveloper.ca/blog-post-1/favicon-196x196.png]
[bellezza.bcitwebdeveloper.ca/blog-post-1/favicon-96x96.png]
[bellezza.bcitwebdeveloper.ca/blog-post-1/favicon-32x32.png]
[bellezza.bcitwebdeveloper.ca/blog-post-1/favicon-16x16.png]
[bellezza.bcitwebdeveloper.ca/blog-post-1/favicon-128.png]
[bellezza.bcitwebdeveloper.ca/wp-json/wp/v2/posts/30.json]
[bellezza.bcitwebdeveloper.ca/wp-json/oembed/1.0/embed7f1e.json]
[bellezza.bcitwebdeveloper.ca/wp-json/oembed/1.0/embed54cf]
[bellezza.bcitwebdeveloper.ca/wp-content/uploads/2020/06/saloon-chair-1024x570.jpg]
[bellezza.bcitwebdeveloper.ca/blog-post-1/index.html]
[bellezza.bcitwebdeveloper.ca/author/koalfred/index.html]
[bellezza.bcitwebdeveloper.ca/2020/06/apple-touch-icon-57x57.png]
[bellezza.bcitwebdeveloper.ca/2020/06/apple-touch-icon-114x114.png]
[bellezza.bcitwebdeveloper.ca/2020/06/apple-touch-icon-72x72.png]
[bellezza.bcitwebdeveloper.ca/2020/06/apple-touch-icon-144x144.png]
[bellezza.bcitwebdeveloper.ca/2020/06/apple-touch-icon-60x60.png]
[bellezza.bcitwebdeveloper.ca/2020/06/apple-touch-icon-120x120.png]
[bellezza.bcitwebdeveloper.ca/2020/06/apple-touch-icon-76x76.png]
[bellezza.bcitwebdeveloper.ca/2020/06/apple-touch-icon-152x152.png]
[bellezza.bcitwebdeveloper.ca/2020/06/favicon-196x196.png]
[bellezza.bcitwebdeveloper.ca/2020/06/favicon-96x96.png]
[bellezza.bcitwebdeveloper.ca/2020/06/favicon-32x32.png]
[bellezza.bcitwebdeveloper.ca/2020/06/favicon-16x16.png]
[bellezza.bcitwebdeveloper.ca/2020/06/favicon-128.png]
[bellezza.bcitwebdeveloper.ca/2020/06/mstile-144x144.png]
[bellezza.bcitwebdeveloper.ca/2020/06/mstile-70x70.png]
[bellezza.bcitwebdeveloper.ca/2020/06/mstile-150x150.png]
[bellezza.bcitwebdeveloper.ca/2020/06/mstile-310x150.png]
[bellezza.bcitwebdeveloper.ca/2020/06/mstile-310x310.png]
[bellezza.bcitwebdeveloper.ca/2020/06/index.html]
[bellezza.bcitwebdeveloper.ca/2020/05/apple-touch-icon-57x57.png]
[bellezza.bcitwebdeveloper.ca/2020/05/apple-touch-icon-114x114.png]
[bellezza.bcitwebdeveloper.ca/2020/05/apple-touch-icon-72x72.png]
[bellezza.bcitwebdeveloper.ca/2020/05/apple-touch-icon-144x144.png]
[bellezza.bcitwebdeveloper.ca/2020/05/apple-touch-icon-60x60.png]
[bellezza.bcitwebdeveloper.ca/2020/05/apple-touch-icon-120x120.png]
[bellezza.bcitwebdeveloper.ca/2020/05/apple-touch-icon-76x76.png]
[bellezza.bcitwebdeveloper.ca/2020/05/apple-touch-icon-152x152.png]
[bellezza.bcitwebdeveloper.ca/2020/05/favicon-196x196.png]
[bellezza.bcitwebdeveloper.ca/2020/05/favicon-96x96.png]
[bellezza.bcitwebdeveloper.ca/2020/05/favicon-32x32.png]
[bellezza.bcitwebdeveloper.ca/2020/05/favicon-16x16.png]
[bellezza.bcitwebdeveloper.ca/2020/05/favicon-128.png]
[bellezza.bcitwebdeveloper.ca/2020/05/mstile-144x144.png]
[bellezza.bcitwebdeveloper.ca/2020/05/mstile-70x70.png]
[bellezza.bcitwebdeveloper.ca/2020/05/mstile-150x150.png]
[bellezza.bcitwebdeveloper.ca/2020/05/mstile-310x150.png]
[bellezza.bcitwebdeveloper.ca/2020/05/mstile-310x310.png]
[bellezza.bcitwebdeveloper.ca/2020/05/index.html]
[bellezza.bcitwebdeveloper.ca/faq/apple-touch-icon-57x57.html]
[bellezza.bcitwebdeveloper.ca/faq/apple-touch-icon-114x114.html]
[bellezza.bcitwebdeveloper.ca/faq/apple-touch-icon-72x72.html]
[bellezza.bcitwebdeveloper.ca/faq/apple-touch-icon-144x144.html]
[bellezza.bcitwebdeveloper.ca/faq/apple-touch-icon-60x60.html]
[bellezza.bcitwebdeveloper.ca/faq/apple-touch-icon-120x120.html]
[bellezza.bcitwebdeveloper.ca/faq/apple-touch-icon-76x76.html]
[bellezza.bcitwebdeveloper.ca/faq/apple-touch-icon-152x152.html]
[bellezza.bcitwebdeveloper.ca/faq/favicon-196x196.html]
[bellezza.bcitwebdeveloper.ca/faq/favicon-96x96.html]
[bellezza.bcitwebdeveloper.ca/faq/favicon-32x32.html]
[bellezza.bcitwebdeveloper.ca/faq/favicon-16x16.html]
[bellezza.bcitwebdeveloper.ca/faq/favicon-128.html]
[bellezza.bcitwebdeveloper.ca/index0735.html]
[bellezza.bcitwebdeveloper.ca/contact/apple-touch-icon-57x57.html]
[bellezza.bcitwebdeveloper.ca/contact/apple-touch-icon-114x114.html]
[bellezza.bcitwebdeveloper.ca/contact/apple-touch-icon-72x72.html]
[bellezza.bcitwebdeveloper.ca/contact/apple-touch-icon-144x144.html]
[bellezza.bcitwebdeveloper.ca/contact/apple-touch-icon-60x60.html]
[bellezza.bcitwebdeveloper.ca/contact/apple-touch-icon-120x120.html]
[bellezza.bcitwebdeveloper.ca/contact/apple-touch-icon-76x76.html]
[bellezza.bcitwebdeveloper.ca/contact/apple-touch-icon-152x152.html]
[bellezza.bcitwebdeveloper.ca/contact/favicon-196x196.html]
[bellezza.bcitwebdeveloper.ca/contact/favicon-96x96.html]
[bellezza.bcitwebdeveloper.ca/contact/favicon-32x32.html]
[bellezza.bcitwebdeveloper.ca/contact/favicon-16x16.html]
[bellezza.bcitwebdeveloper.ca/contact/favicon-128.html]
[bellezza.bcitwebdeveloper.ca/index3965.html]
[bellezza.bcitwebdeveloper.ca/star-wars/apple-touch-icon-57x57.html]
[bellezza.bcitwebdeveloper.ca/star-wars/apple-touch-icon-114x114.html]
[bellezza.bcitwebdeveloper.ca/star-wars/apple-touch-icon-72x72.html]
[bellezza.bcitwebdeveloper.ca/star-wars/apple-touch-icon-144x144.html]
[bellezza.bcitwebdeveloper.ca/star-wars/apple-touch-icon-60x60.html]
[bellezza.bcitwebdeveloper.ca/star-wars/apple-touch-icon-120x120.html]
[bellezza.bcitwebdeveloper.ca/star-wars/apple-touch-icon-76x76.html]
[bellezza.bcitwebdeveloper.ca/star-wars/apple-touch-icon-152x152.html]
[bellezza.bcitwebdeveloper.ca/star-wars/favicon-196x196.html]
[bellezza.bcitwebdeveloper.ca/star-wars/favicon-96x96.html]
[bellezza.bcitwebdeveloper.ca/star-wars/favicon-32x32.html]
[bellezza.bcitwebdeveloper.ca/star-wars/favicon-16x16.html]
[bellezza.bcitwebdeveloper.ca/star-wars/favicon-128.html]
[bellezza.bcitwebdeveloper.ca/index5604.html]
[bellezza.bcitwebdeveloper.ca/category/color/apple-touch-icon-57x57.html]
[bellezza.bcitwebdeveloper.ca/category/color/apple-touch-icon-114x114.html]
[bellezza.bcitwebdeveloper.ca/category/color/apple-touch-icon-72x72.html]
[bellezza.bcitwebdeveloper.ca/category/color/apple-touch-icon-144x144.html]
[bellezza.bcitwebdeveloper.ca/category/color/apple-touch-icon-60x60.html]
[bellezza.bcitwebdeveloper.ca/category/color/apple-touch-icon-120x120.html]
[bellezza.bcitwebdeveloper.ca/category/color/apple-touch-icon-76x76.html]
[bellezza.bcitwebdeveloper.ca/category/color/apple-touch-icon-152x152.html]
[bellezza.bcitwebdeveloper.ca/category/color/favicon-196x196.html]
[bellezza.bcitwebdeveloper.ca/category/color/favicon-96x96.html]
[bellezza.bcitwebdeveloper.ca/category/color/favicon-32x32.html]
[bellezza.bcitwebdeveloper.ca/category/color/favicon-16x16.html]
[bellezza.bcitwebdeveloper.ca/category/color/favicon-128.html]
[bellezza.bcitwebdeveloper.ca/category/color/mstile-144x144.html]
[bellezza.bcitwebdeveloper.ca/category/color/mstile-70x70.html]
[bellezza.bcitwebdeveloper.ca/category/color/mstile-150x150.html]
[bellezza.bcitwebdeveloper.ca/category/color/mstile-310x150.html]
[bellezza.bcitwebdeveloper.ca/category/color/mstile-310x310.html]
[bellezza.bcitwebdeveloper.ca/shrek-movie-script/apple-touch-icon-57x57.html]
[bellezza.bcitwebdeveloper.ca/shrek-movie-script/apple-touch-icon-114x114.html]
[bellezza.bcitwebdeveloper.ca/shrek-movie-script/apple-touch-icon-72x72.html]
[bellezza.bcitwebdeveloper.ca/shrek-movie-script/apple-touch-icon-144x144.html]
[bellezza.bcitwebdeveloper.ca/shrek-movie-script/apple-touch-icon-60x60.html]
[bellezza.bcitwebdeveloper.ca/shrek-movie-script/apple-touch-icon-120x120.html]
[bellezza.bcitwebdeveloper.ca/shrek-movie-script/apple-touch-icon-76x76.html]
[bellezza.bcitwebdeveloper.ca/shrek-movie-script/apple-touch-icon-152x152.html]
[bellezza.bcitwebdeveloper.ca/shrek-movie-script/favicon-196x196.html]
[bellezza.bcitwebdeveloper.ca/shrek-movie-script/favicon-96x96.html]
[bellezza.bcitwebdeveloper.ca/shrek-movie-script/favicon-32x32.html]
[bellezza.bcitwebdeveloper.ca/shrek-movie-script/favicon-16x16.html]
[bellezza.bcitwebdeveloper.ca/shrek-movie-script/favicon-128.html]
[bellezza.bcitwebdeveloper.ca/indexe839.html]
[bellezza.bcitwebdeveloper.ca/category/style/apple-touch-icon-57x57.html]
[bellezza.bcitwebdeveloper.ca/category/style/apple-touch-icon-114x114.html]
[bellezza.bcitwebdeveloper.ca/category/style/apple-touch-icon-72x72.html]
[bellezza.bcitwebdeveloper.ca/category/style/apple-touch-icon-144x144.html]
[bellezza.bcitwebdeveloper.ca/category/style/apple-touch-icon-60x60.html]
[bellezza.bcitwebdeveloper.ca/category/style/apple-touch-icon-120x120.html]
[bellezza.bcitwebdeveloper.ca/category/style/apple-touch-icon-76x76.html]
[bellezza.bcitwebdeveloper.ca/category/style/apple-touch-icon-152x152.html]
[bellezza.bcitwebdeveloper.ca/category/style/favicon-196x196.html]
[bellezza.bcitwebdeveloper.ca/category/style/favicon-96x96.html]
[bellezza.bcitwebdeveloper.ca/category/style/favicon-32x32.html]
[bellezza.bcitwebdeveloper.ca/category/style/favicon-16x16.html]
[bellezza.bcitwebdeveloper.ca/category/style/favicon-128.html]
[bellezza.bcitwebdeveloper.ca/category/style/mstile-144x144.html]
[bellezza.bcitwebdeveloper.ca/category/style/mstile-70x70.html]
[bellezza.bcitwebdeveloper.ca/category/style/mstile-150x150.html]
[bellezza.bcitwebdeveloper.ca/category/style/mstile-310x150.html]
[bellezza.bcitwebdeveloper.ca/category/style/mstile-310x310.html]
[bellezza.bcitwebdeveloper.ca/blog-iii/apple-touch-icon-57x57.html]
[bellezza.bcitwebdeveloper.ca/blog-iii/apple-touch-icon-114x114.html]
[bellezza.bcitwebdeveloper.ca/blog-iii/apple-touch-icon-72x72.html]
[bellezza.bcitwebdeveloper.ca/blog-iii/apple-touch-icon-144x144.html]
[bellezza.bcitwebdeveloper.ca/blog-iii/apple-touch-icon-60x60.html]
[bellezza.bcitwebdeveloper.ca/blog-iii/apple-touch-icon-120x120.html]
[bellezza.bcitwebdeveloper.ca/blog-iii/apple-touch-icon-76x76.html]
[bellezza.bcitwebdeveloper.ca/blog-iii/apple-touch-icon-152x152.html]
[bellezza.bcitwebdeveloper.ca/blog-iii/favicon-196x196.html]
[bellezza.bcitwebdeveloper.ca/blog-iii/favicon-96x96.html]
[bellezza.bcitwebdeveloper.ca/blog-iii/favicon-32x32.html]
[bellezza.bcitwebdeveloper.ca/blog-iii/favicon-16x16.html]
[bellezza.bcitwebdeveloper.ca/blog-iii/favicon-128.html]
[bellezza.bcitwebdeveloper.ca/indexba52.html]
[bellezza.bcitwebdeveloper.ca/blog-post-1/apple-touch-icon-57x57.html]
[bellezza.bcitwebdeveloper.ca/blog-post-1/apple-touch-icon-114x114.html]
[bellezza.bcitwebdeveloper.ca/blog-post-1/apple-touch-icon-72x72.html]
[bellezza.bcitwebdeveloper.ca/blog-post-1/apple-touch-icon-144x144.html]
[bellezza.bcitwebdeveloper.ca/blog-post-1/apple-touch-icon-60x60.html]
[bellezza.bcitwebdeveloper.ca/blog-post-1/apple-touch-icon-120x120.html]
[bellezza.bcitwebdeveloper.ca/blog-post-1/apple-touch-icon-76x76.html]
[bellezza.bcitwebdeveloper.ca/blog-post-1/apple-touch-icon-152x152.html]
[bellezza.bcitwebdeveloper.ca/blog-post-1/favicon-196x196.html]
[bellezza.bcitwebdeveloper.ca/blog-post-1/favicon-96x96.html]
[bellezza.bcitwebdeveloper.ca/blog-post-1/favicon-32x32.html]
[bellezza.bcitwebdeveloper.ca/blog-post-1/favicon-16x16.html]
[bellezza.bcitwebdeveloper.ca/blog-post-1/favicon-128.html]
[bellezza.bcitwebdeveloper.ca/index5643.html]
[bellezza.bcitwebdeveloper.ca/2020/06/apple-touch-icon-57x57.html]
[bellezza.bcitwebdeveloper.ca/2020/06/apple-touch-icon-114x114.html]
[bellezza.bcitwebdeveloper.ca/2020/06/apple-touch-icon-72x72.html]
[bellezza.bcitwebdeveloper.ca/2020/06/apple-touch-icon-144x144.html]
[bellezza.bcitwebdeveloper.ca/2020/06/apple-touch-icon-60x60.html]
[bellezza.bcitwebdeveloper.ca/2020/06/apple-touch-icon-120x120.html]
[bellezza.bcitwebdeveloper.ca/2020/06/apple-touch-icon-76x76.html]
[bellezza.bcitwebdeveloper.ca/2020/06/apple-touch-icon-152x152.html]
[bellezza.bcitwebdeveloper.ca/2020/06/favicon-196x196.html]
[bellezza.bcitwebdeveloper.ca/2020/06/favicon-96x96.html]
[bellezza.bcitwebdeveloper.ca/2020/06/favicon-32x32.html]
[bellezza.bcitwebdeveloper.ca/2020/06/favicon-16x16.html]
[bellezza.bcitwebdeveloper.ca/2020/06/favicon-128.html]
[bellezza.bcitwebdeveloper.ca/2020/06/mstile-144x144.html]
[bellezza.bcitwebdeveloper.ca/2020/06/mstile-70x70.html]
[bellezza.bcitwebdeveloper.ca/2020/06/mstile-150x150.html]
[bellezza.bcitwebdeveloper.ca/2020/06/mstile-310x150.html]
[bellezza.bcitwebdeveloper.ca/2020/06/mstile-310x310.html]
[bellezza.bcitwebdeveloper.ca/2020/05/apple-touch-icon-57x57.html]
[bellezza.bcitwebdeveloper.ca/2020/05/apple-touch-icon-114x114.html]
[bellezza.bcitwebdeveloper.ca/2020/05/apple-touch-icon-72x72.html]
[bellezza.bcitwebdeveloper.ca/2020/05/apple-touch-icon-144x144.html]
[bellezza.bcitwebdeveloper.ca/2020/05/apple-touch-icon-60x60.html]
[bellezza.bcitwebdeveloper.ca/2020/05/apple-touch-icon-120x120.html]
[bellezza.bcitwebdeveloper.ca/2020/05/apple-touch-icon-76x76.html]
[bellezza.bcitwebdeveloper.ca/2020/05/apple-touch-icon-152x152.html]
[bellezza.bcitwebdeveloper.ca/2020/05/favicon-196x196.html]
[bellezza.bcitwebdeveloper.ca/2020/05/favicon-96x96.html]
[bellezza.bcitwebdeveloper.ca/2020/05/favicon-32x32.html]
[bellezza.bcitwebdeveloper.ca/2020/05/favicon-16x16.html]
[bellezza.bcitwebdeveloper.ca/2020/05/favicon-128.html]
[bellezza.bcitwebdeveloper.ca/2020/05/mstile-144x144.html]
[bellezza.bcitwebdeveloper.ca/2020/05/mstile-70x70.html]
[bellezza.bcitwebdeveloper.ca/2020/05/mstile-150x150.html]
[bellezza.bcitwebdeveloper.ca/2020/05/mstile-310x150.html]
[bellezza.bcitwebdeveloper.ca/2020/05/mstile-310x310.html]
